// Jest Snapshot v1, https://goo.gl/fbAQLP

exports[`creates a basic GML preview 1`] = `"data:image/png;base64,iVBORw0KGgoAAAANSUhEUgAAAUAAAADwCAYAAABxLb1rAAAABmJLR0QA/wD/AP+gvaeTAAADKUlEQVR4nO3UMQEAIAzAMMC/5yFjRxMFvXpnZg5A0NsOANhigECWAQJZBghkGSCQZYBAlgECWQYIZBkgkGWAQJYBAlkGCGQZIJBlgECWAQJZBghkGSCQZYBAlgECWQYIZBkgkGWAQJYBAlkGCGQZIJBlgECWAQJZBghkGSCQZYBAlgECWQYIZBkgkGWAQJYBAlkGCGQZIJBlgECWAQJZBghkGSCQZYBAlgECWQYIZBkgkGWAQJYBAlkGCGQZIJBlgECWAQJZBghkGSCQZYBAlgECWQYIZBkgkGWAQJYBAlkGCGQZIJBlgECWAQJZBghkGSCQZYBAlgECWQYIZBkgkGWAQJYBAlkGCGQZIJBlgECWAQJZBghkGSCQZYBAlgECWQYIZBkgkGWAQJYBAlkGCGQZIJBlgECWAQJZBghkGSCQZYBAlgECWQYIZBkgkGWAQJYBAlkGCGQZIJBlgECWAQJZBghkGSCQZYBAlgECWQYIZBkgkGWAQJYBAlkGCGQZIJBlgECWAQJZBghkGSCQZYBAlgECWQYIZBkgkGWAQJYBAlkGCGQZIJBlgECWAQJZBghkGSCQZYBAlgECWQYIZBkgkGWAQJYBAlkGCGQZIJBlgECWAQJZBghkGSCQZYBAlgECWQYIZBkgkGWAQJYBAlkGCGQZIJBlgECWAQJZBghkGSCQZYBAlgECWQYIZBkgkGWAQJYBAlkGCGQZIJBlgECWAQJZBghkGSCQZYBAlgECWQYIZBkgkGWAQJYBAlkGCGQZIJBlgECWAQJZBghkGSCQZYBAlgECWQYIZBkgkGWAQJYBAlkGCGQZIJBlgECWAQJZBghkGSCQZYBAlgECWQYIZBkgkGWAQJYBAlkGCGQZIJBlgECWAQJZBghkGSCQZYBAlgECWQYIZBkgkGWAQJYBAlkGCGQZIJBlgECWAQJZBghkGSCQZYBAlgECWQYIZBkgkGWAQJYBAlkGCGQZIJBlgECWAQJZBghkGSCQZYBAlgECWQYIZBkgkGWAQJYBAlkGCGQZIJBlgECWAQJZBghkGSCQZYBAlgECWQYIZBkgkGWAQJYBAlkf3t4F3H5xjXIAAAAASUVORK5CYII="`;
